// Vitest Snapshot v1, https://vitest.dev/guide/snapshot.html

exports[`fanyi CLI > should print help if -h is given 1`] = `
"Usage: fanyi [options] [command]

A translator in your command line

Options:
  -V, --version   output the version number
  -h, --help      display help for command

Commands:
  config          设置全局选项
  list [options]

示例:
  $ fanyi word
  $ fanyi world peace
  $ fanyi chinglish
  $ fanyi config set color true
  $ fanyi config set iciba true
  $ fanyi config set llm true
  $ fanyi config set LLM_API_KEY <your-key>        (配置自己的 API Key)
  $ fanyi config set LLM_API_BASE_URL <your-url>     (可选，默认走免费代理)
  $ fanyi config set LLM_MODEL_ID <model-id>         (可选，默认 glm-4-flash)
  $ fanyi config list

"
`;

exports[`fanyi CLI > should print usage if no arguments are given 1`] = `
"Usage: fanyi [options] [command]

A translator in your command line

Options:
  -V, --version   output the version number
  -h, --help      display help for command

Commands:
  config          设置全局选项
  list [options]

示例:
  $ fanyi word
  $ fanyi world peace
  $ fanyi chinglish
  $ fanyi config set color true
  $ fanyi config set iciba true
  $ fanyi config set llm true
  $ fanyi config set LLM_API_KEY <your-key>        (配置自己的 API Key)
  $ fanyi config set LLM_API_BASE_URL <your-url>     (可选，默认走免费代理)
  $ fanyi config set LLM_MODEL_ID <model-id>         (可选，默认 glm-4-flash)
  $ fanyi config list

"
`;
