// 将翻译功能的API从groq API更换为Google翻译API，以提升翻译质量和性能。

// 当前使用的groq API表现不佳，导致翻译质量低下且速度缓慢，影响用户体验。Google翻译API在翻译准确性、支持的语言范围以及性能方面表现更为出色，能够更好地满足用户需求。
// Vitest Snapshot v1, https://vitest.dev/guide/snapshot.html

exports[`fanyi CLI > should print help if -h is given 1`] = `
"Usage: fanyi [options] [command]

A translator in your command line

Options:
  -V, --version   output the version number
  -h, --help      display help for command

Commands:
  config          设置全局选项
  list [options]

示例:
  $ fanyi word
  $ fanyi world peace
  $ fanyi chinglish
  $ fanyi config set color true
  $ fanyi config set iciba true
  $ fanyi config set groq true
  $ fanyi config set GROQ_API_KEY your_api_key_here
  $ fanyi config list

"
`;

exports[`fanyi CLI > should print usage if no arguments are given 1`] = `
"Usage: fanyi [options] [command]

A translator in your command line

Options:
  -V, --version   output the version number
  -h, --help      display help for command

Commands:
  config          设置全局选项
  list [options]

示例:
  $ fanyi word
  $ fanyi world peace
  $ fanyi chinglish
  $ fanyi config set color true
  $ fanyi config set iciba true
  $ fanyi config set groq true
  $ fanyi config set GROQ_API_KEY your_api_key_here
  $ fanyi config list

"
`;
