// Vitest Snapshot v1, https://vitest.dev/guide/snapshot.html

exports[`fanyi CLI > should print help if -h is given 1`] = `
"Usage: fanyi [options] [command]

A translate tool in your command line

Options:
  -V, --version   output the version number
  -h, --help      display help for command

Commands:
  config          设置全局选项
  list [options]

示例:
  $ fanyi word
  $ fanyi world peace
  $ fanyi chinglish
  $ fanyi config set color true
  $ fanyi config set iciba true
  $ fanyi config set groq true
  $ fanyi config set GROQ_API_KEY your_api_key_here
  $ fanyi config list

"
`;

exports[`fanyi CLI > should print usage if no arguments are given 1`] = `
"Usage: fanyi [options] [command]

A translate tool in your command line

Options:
  -V, --version   output the version number
  -h, --help      display help for command

Commands:
  config          设置全局选项
  list [options]

示例:
  $ fanyi word
  $ fanyi world peace
  $ fanyi chinglish
  $ fanyi config set color true
  $ fanyi config set iciba true
  $ fanyi config set groq true
  $ fanyi config set GROQ_API_KEY your_api_key_here
  $ fanyi config list

"
`;
